Loading: 
Loading: 
Loading: 
Loading: 
Loading: 
Loading: 
INFO: Repository bazel_skylib instantiated at:
  /home/runner/work/mediapipe/mediapipe/WORKSPACE:6:13: in <toplevel>
Repository rule http_archive defined at:
  /home/runner/.cache/bazel/_bazel_runner/5405bce5d0bf60a6a2c50d27c374f0eb/external/bazel_tools/tools/build_defs/repo/http.bzl:372:31: in <toplevel>
WARNING: Download from https://github.com/bazelbuild/bazel-skylib/releases/download/1.3.0/bazel-skylib-1.3.0.tar.gz failed: class javax.net.ssl.SSLHandshakeException PKIX path building failed: sun.security.provider.certpath.SunCertPathBuilderException: unable to find valid certification path to requested target
ERROR: An error occurred during the fetch of repository 'bazel_skylib':
   Traceback (most recent call last):
	File "/home/runner/.cache/bazel/_bazel_runner/5405bce5d0bf60a6a2c50d27c374f0eb/external/bazel_tools/tools/build_defs/repo/http.bzl", line 132, column 45, in _http_archive_impl
		download_info = ctx.download_and_extract(
Error in download_and_extract: java.io.IOException: Error downloading [https://github.com/bazelbuild/bazel-skylib/releases/download/1.3.0/bazel-skylib-1.3.0.tar.gz] to /home/runner/.cache/bazel/_bazel_runner/5405bce5d0bf60a6a2c50d27c374f0eb/external/bazel_skylib/temp1062634103462138041/bazel-skylib-1.3.0.tar.gz: PKIX path building failed: sun.security.provider.certpath.SunCertPathBuilderException: unable to find valid certification path to requested target
ERROR: /home/runner/work/mediapipe/mediapipe/WORKSPACE:6:13: fetching http_archive rule //external:bazel_skylib: Traceback (most recent call last):
	File "/home/runner/.cache/bazel/_bazel_runner/5405bce5d0bf60a6a2c50d27c374f0eb/external/bazel_tools/tools/build_defs/repo/http.bzl", line 132, column 45, in _http_archive_impl
		download_info = ctx.download_and_extract(
Error in download_and_extract: java.io.IOException: Error downloading [https://github.com/bazelbuild/bazel-skylib/releases/download/1.3.0/bazel-skylib-1.3.0.tar.gz] to /home/runner/.cache/bazel/_bazel_runner/5405bce5d0bf60a6a2c50d27c374f0eb/external/bazel_skylib/temp1062634103462138041/bazel-skylib-1.3.0.tar.gz: PKIX path building failed: sun.security.provider.certpath.SunCertPathBuilderException: unable to find valid certification path to requested target
ERROR: Error computing the main repository mapping: no such package '@bazel_skylib//': java.io.IOException: Error downloading [https://github.com/bazelbuild/bazel-skylib/releases/download/1.3.0/bazel-skylib-1.3.0.tar.gz] to /home/runner/.cache/bazel/_bazel_runner/5405bce5d0bf60a6a2c50d27c374f0eb/external/bazel_skylib/temp1062634103462138041/bazel-skylib-1.3.0.tar.gz: PKIX path building failed: sun.security.provider.certpath.SunCertPathBuilderException: unable to find valid certification path to requested target
